--------------------------------------------------------------------------------
Release 14.7 Trace  (nt64)
Copyright (c) 1995-2013 Xilinx, Inc.  All rights reserved.

C:\Xilinx\14.7\ISE_DS\ISE\bin\nt64\unwrapped\trce.exe -intstyle ise -v 3 -s 3
-n 3 -fastpaths -xml ADD.twx ADD.ncd -o ADD.twr ADD.pcf

Design file:              ADD.ncd
Physical constraint file: ADD.pcf
Device,package,speed:     xc7a100t,csg324,C,-3 (PRODUCTION 1.10 2013-10-13)
Report level:             verbose report

Environment Variable      Effect 
--------------------      ------ 
NONE                      No environment variables were set
--------------------------------------------------------------------------------

INFO:Timing:2698 - No timing constraints found, doing default enumeration.
INFO:Timing:3412 - To improve timing, see the Timing Closure User Guide (UG612).
INFO:Timing:2752 - To get complete path coverage, use the unconstrained paths 
   option. All paths that are not constrained will be reported in the 
   unconstrained paths section(s) of the report.
INFO:Timing:3339 - The clock-to-out numbers in this timing report are based on 
   a 50 Ohm transmission line loading model.  For the details of this model, 
   and for more information on accounting for different loading conditions, 
   please see the device datasheet.



Data Sheet report:
-----------------
All values displayed in nanoseconds (ns)

Pad to Pad
-------------------+----------------+---------+
Source Pad         |Destination Pad |  Delay  |
-------------------+----------------+---------+
DIRECCION_A_PC<0>  |SALIDA_A_NPC<0> |    7.598|
DIRECCION_A_PC<0>  |SALIDA_A_NPC<1> |    7.601|
DIRECCION_A_PC<0>  |SALIDA_A_NPC<2> |    7.852|
DIRECCION_A_PC<0>  |SALIDA_A_NPC<3> |    7.895|
DIRECCION_A_PC<0>  |SALIDA_A_NPC<4> |    7.950|
DIRECCION_A_PC<0>  |SALIDA_A_NPC<5> |    7.670|
DIRECCION_A_PC<0>  |SALIDA_A_NPC<6> |    7.843|
DIRECCION_A_PC<0>  |SALIDA_A_NPC<7> |    7.639|
DIRECCION_A_PC<0>  |SALIDA_A_NPC<8> |    6.183|
DIRECCION_A_PC<0>  |SALIDA_A_NPC<9> |    7.633|
DIRECCION_A_PC<0>  |SALIDA_A_NPC<10>|    7.617|
DIRECCION_A_PC<0>  |SALIDA_A_NPC<11>|    7.789|
DIRECCION_A_PC<0>  |SALIDA_A_NPC<12>|    7.843|
DIRECCION_A_PC<0>  |SALIDA_A_NPC<13>|    8.052|
DIRECCION_A_PC<0>  |SALIDA_A_NPC<14>|    7.963|
DIRECCION_A_PC<0>  |SALIDA_A_NPC<15>|    8.005|
DIRECCION_A_PC<0>  |SALIDA_A_NPC<16>|    7.791|
DIRECCION_A_PC<0>  |SALIDA_A_NPC<17>|    7.898|
DIRECCION_A_PC<0>  |SALIDA_A_NPC<18>|    7.808|
DIRECCION_A_PC<0>  |SALIDA_A_NPC<19>|    8.242|
DIRECCION_A_PC<0>  |SALIDA_A_NPC<20>|    8.047|
DIRECCION_A_PC<0>  |SALIDA_A_NPC<21>|    8.095|
DIRECCION_A_PC<0>  |SALIDA_A_NPC<22>|    7.969|
DIRECCION_A_PC<0>  |SALIDA_A_NPC<23>|    8.263|
DIRECCION_A_PC<0>  |SALIDA_A_NPC<24>|    8.315|
DIRECCION_A_PC<0>  |SALIDA_A_NPC<25>|    8.264|
DIRECCION_A_PC<0>  |SALIDA_A_NPC<26>|    8.024|
DIRECCION_A_PC<0>  |SALIDA_A_NPC<27>|    8.505|
DIRECCION_A_PC<0>  |SALIDA_A_NPC<28>|    8.362|
DIRECCION_A_PC<0>  |SALIDA_A_NPC<29>|    8.383|
DIRECCION_A_PC<0>  |SALIDA_A_NPC<30>|    8.245|
DIRECCION_A_PC<0>  |SALIDA_A_NPC<31>|    8.503|
DIRECCION_A_PC<1>  |SALIDA_A_NPC<1> |    7.538|
DIRECCION_A_PC<1>  |SALIDA_A_NPC<2> |    7.947|
DIRECCION_A_PC<1>  |SALIDA_A_NPC<3> |    7.991|
DIRECCION_A_PC<1>  |SALIDA_A_NPC<4> |    8.042|
DIRECCION_A_PC<1>  |SALIDA_A_NPC<5> |    7.762|
DIRECCION_A_PC<1>  |SALIDA_A_NPC<6> |    7.935|
DIRECCION_A_PC<1>  |SALIDA_A_NPC<7> |    7.731|
DIRECCION_A_PC<1>  |SALIDA_A_NPC<8> |    6.275|
DIRECCION_A_PC<1>  |SALIDA_A_NPC<9> |    7.725|
DIRECCION_A_PC<1>  |SALIDA_A_NPC<10>|    7.709|
DIRECCION_A_PC<1>  |SALIDA_A_NPC<11>|    7.881|
DIRECCION_A_PC<1>  |SALIDA_A_NPC<12>|    7.935|
DIRECCION_A_PC<1>  |SALIDA_A_NPC<13>|    8.144|
DIRECCION_A_PC<1>  |SALIDA_A_NPC<14>|    8.055|
DIRECCION_A_PC<1>  |SALIDA_A_NPC<15>|    8.097|
DIRECCION_A_PC<1>  |SALIDA_A_NPC<16>|    7.883|
DIRECCION_A_PC<1>  |SALIDA_A_NPC<17>|    7.990|
DIRECCION_A_PC<1>  |SALIDA_A_NPC<18>|    7.900|
DIRECCION_A_PC<1>  |SALIDA_A_NPC<19>|    8.334|
DIRECCION_A_PC<1>  |SALIDA_A_NPC<20>|    8.139|
DIRECCION_A_PC<1>  |SALIDA_A_NPC<21>|    8.187|
DIRECCION_A_PC<1>  |SALIDA_A_NPC<22>|    8.061|
DIRECCION_A_PC<1>  |SALIDA_A_NPC<23>|    8.355|
DIRECCION_A_PC<1>  |SALIDA_A_NPC<24>|    8.407|
DIRECCION_A_PC<1>  |SALIDA_A_NPC<25>|    8.356|
DIRECCION_A_PC<1>  |SALIDA_A_NPC<26>|    8.116|
DIRECCION_A_PC<1>  |SALIDA_A_NPC<27>|    8.597|
DIRECCION_A_PC<1>  |SALIDA_A_NPC<28>|    8.454|
DIRECCION_A_PC<1>  |SALIDA_A_NPC<29>|    8.475|
DIRECCION_A_PC<1>  |SALIDA_A_NPC<30>|    8.337|
DIRECCION_A_PC<1>  |SALIDA_A_NPC<31>|    8.595|
DIRECCION_A_PC<2>  |SALIDA_A_NPC<2> |    7.691|
DIRECCION_A_PC<2>  |SALIDA_A_NPC<3> |    7.764|
DIRECCION_A_PC<2>  |SALIDA_A_NPC<4> |    7.914|
DIRECCION_A_PC<2>  |SALIDA_A_NPC<5> |    7.634|
DIRECCION_A_PC<2>  |SALIDA_A_NPC<6> |    7.807|
DIRECCION_A_PC<2>  |SALIDA_A_NPC<7> |    7.603|
DIRECCION_A_PC<2>  |SALIDA_A_NPC<8> |    6.147|
DIRECCION_A_PC<2>  |SALIDA_A_NPC<9> |    7.597|
DIRECCION_A_PC<2>  |SALIDA_A_NPC<10>|    7.581|
DIRECCION_A_PC<2>  |SALIDA_A_NPC<11>|    7.753|
DIRECCION_A_PC<2>  |SALIDA_A_NPC<12>|    7.807|
DIRECCION_A_PC<2>  |SALIDA_A_NPC<13>|    8.016|
DIRECCION_A_PC<2>  |SALIDA_A_NPC<14>|    7.927|
DIRECCION_A_PC<2>  |SALIDA_A_NPC<15>|    7.969|
DIRECCION_A_PC<2>  |SALIDA_A_NPC<16>|    7.755|
DIRECCION_A_PC<2>  |SALIDA_A_NPC<17>|    7.862|
DIRECCION_A_PC<2>  |SALIDA_A_NPC<18>|    7.772|
DIRECCION_A_PC<2>  |SALIDA_A_NPC<19>|    8.206|
DIRECCION_A_PC<2>  |SALIDA_A_NPC<20>|    8.011|
DIRECCION_A_PC<2>  |SALIDA_A_NPC<21>|    8.059|
DIRECCION_A_PC<2>  |SALIDA_A_NPC<22>|    7.933|
DIRECCION_A_PC<2>  |SALIDA_A_NPC<23>|    8.227|
DIRECCION_A_PC<2>  |SALIDA_A_NPC<24>|    8.279|
DIRECCION_A_PC<2>  |SALIDA_A_NPC<25>|    8.228|
DIRECCION_A_PC<2>  |SALIDA_A_NPC<26>|    7.988|
DIRECCION_A_PC<2>  |SALIDA_A_NPC<27>|    8.469|
DIRECCION_A_PC<2>  |SALIDA_A_NPC<28>|    8.326|
DIRECCION_A_PC<2>  |SALIDA_A_NPC<29>|    8.347|
DIRECCION_A_PC<2>  |SALIDA_A_NPC<30>|    8.209|
DIRECCION_A_PC<2>  |SALIDA_A_NPC<31>|    8.467|
DIRECCION_A_PC<3>  |SALIDA_A_NPC<3> |    7.331|
DIRECCION_A_PC<3>  |SALIDA_A_NPC<4> |    7.601|
DIRECCION_A_PC<3>  |SALIDA_A_NPC<5> |    7.321|
DIRECCION_A_PC<3>  |SALIDA_A_NPC<6> |    7.494|
DIRECCION_A_PC<3>  |SALIDA_A_NPC<7> |    7.290|
DIRECCION_A_PC<3>  |SALIDA_A_NPC<8> |    5.834|
DIRECCION_A_PC<3>  |SALIDA_A_NPC<9> |    7.284|
DIRECCION_A_PC<3>  |SALIDA_A_NPC<10>|    7.268|
DIRECCION_A_PC<3>  |SALIDA_A_NPC<11>|    7.440|
DIRECCION_A_PC<3>  |SALIDA_A_NPC<12>|    7.494|
DIRECCION_A_PC<3>  |SALIDA_A_NPC<13>|    7.703|
DIRECCION_A_PC<3>  |SALIDA_A_NPC<14>|    7.614|
DIRECCION_A_PC<3>  |SALIDA_A_NPC<15>|    7.656|
DIRECCION_A_PC<3>  |SALIDA_A_NPC<16>|    7.442|
DIRECCION_A_PC<3>  |SALIDA_A_NPC<17>|    7.549|
DIRECCION_A_PC<3>  |SALIDA_A_NPC<18>|    7.459|
DIRECCION_A_PC<3>  |SALIDA_A_NPC<19>|    7.893|
DIRECCION_A_PC<3>  |SALIDA_A_NPC<20>|    7.698|
DIRECCION_A_PC<3>  |SALIDA_A_NPC<21>|    7.746|
DIRECCION_A_PC<3>  |SALIDA_A_NPC<22>|    7.620|
DIRECCION_A_PC<3>  |SALIDA_A_NPC<23>|    7.914|
DIRECCION_A_PC<3>  |SALIDA_A_NPC<24>|    7.966|
DIRECCION_A_PC<3>  |SALIDA_A_NPC<25>|    7.915|
DIRECCION_A_PC<3>  |SALIDA_A_NPC<26>|    7.675|
DIRECCION_A_PC<3>  |SALIDA_A_NPC<27>|    8.156|
DIRECCION_A_PC<3>  |SALIDA_A_NPC<28>|    8.013|
DIRECCION_A_PC<3>  |SALIDA_A_NPC<29>|    8.034|
DIRECCION_A_PC<3>  |SALIDA_A_NPC<30>|    7.896|
DIRECCION_A_PC<3>  |SALIDA_A_NPC<31>|    8.154|
DIRECCION_A_PC<4>  |SALIDA_A_NPC<4> |    7.725|
DIRECCION_A_PC<4>  |SALIDA_A_NPC<5> |    7.492|
DIRECCION_A_PC<4>  |SALIDA_A_NPC<6> |    7.811|
DIRECCION_A_PC<4>  |SALIDA_A_NPC<7> |    7.598|
DIRECCION_A_PC<4>  |SALIDA_A_NPC<8> |    6.212|
DIRECCION_A_PC<4>  |SALIDA_A_NPC<9> |    7.662|
DIRECCION_A_PC<4>  |SALIDA_A_NPC<10>|    7.646|
DIRECCION_A_PC<4>  |SALIDA_A_NPC<11>|    7.818|
DIRECCION_A_PC<4>  |SALIDA_A_NPC<12>|    7.872|
DIRECCION_A_PC<4>  |SALIDA_A_NPC<13>|    8.081|
DIRECCION_A_PC<4>  |SALIDA_A_NPC<14>|    7.992|
DIRECCION_A_PC<4>  |SALIDA_A_NPC<15>|    8.034|
DIRECCION_A_PC<4>  |SALIDA_A_NPC<16>|    7.820|
DIRECCION_A_PC<4>  |SALIDA_A_NPC<17>|    7.927|
DIRECCION_A_PC<4>  |SALIDA_A_NPC<18>|    7.837|
DIRECCION_A_PC<4>  |SALIDA_A_NPC<19>|    8.271|
DIRECCION_A_PC<4>  |SALIDA_A_NPC<20>|    8.076|
DIRECCION_A_PC<4>  |SALIDA_A_NPC<21>|    8.124|
DIRECCION_A_PC<4>  |SALIDA_A_NPC<22>|    7.998|
DIRECCION_A_PC<4>  |SALIDA_A_NPC<23>|    8.292|
DIRECCION_A_PC<4>  |SALIDA_A_NPC<24>|    8.344|
DIRECCION_A_PC<4>  |SALIDA_A_NPC<25>|    8.293|
DIRECCION_A_PC<4>  |SALIDA_A_NPC<26>|    8.053|
DIRECCION_A_PC<4>  |SALIDA_A_NPC<27>|    8.534|
DIRECCION_A_PC<4>  |SALIDA_A_NPC<28>|    8.391|
DIRECCION_A_PC<4>  |SALIDA_A_NPC<29>|    8.412|
DIRECCION_A_PC<4>  |SALIDA_A_NPC<30>|    8.274|
DIRECCION_A_PC<4>  |SALIDA_A_NPC<31>|    8.532|
DIRECCION_A_PC<5>  |SALIDA_A_NPC<5> |    7.469|
DIRECCION_A_PC<5>  |SALIDA_A_NPC<6> |    7.946|
DIRECCION_A_PC<5>  |SALIDA_A_NPC<7> |    7.734|
DIRECCION_A_PC<5>  |SALIDA_A_NPC<8> |    6.344|
DIRECCION_A_PC<5>  |SALIDA_A_NPC<9> |    7.794|
DIRECCION_A_PC<5>  |SALIDA_A_NPC<10>|    7.778|
DIRECCION_A_PC<5>  |SALIDA_A_NPC<11>|    7.950|
DIRECCION_A_PC<5>  |SALIDA_A_NPC<12>|    8.004|
DIRECCION_A_PC<5>  |SALIDA_A_NPC<13>|    8.213|
DIRECCION_A_PC<5>  |SALIDA_A_NPC<14>|    8.124|
DIRECCION_A_PC<5>  |SALIDA_A_NPC<15>|    8.166|
DIRECCION_A_PC<5>  |SALIDA_A_NPC<16>|    7.952|
DIRECCION_A_PC<5>  |SALIDA_A_NPC<17>|    8.059|
DIRECCION_A_PC<5>  |SALIDA_A_NPC<18>|    7.969|
DIRECCION_A_PC<5>  |SALIDA_A_NPC<19>|    8.403|
DIRECCION_A_PC<5>  |SALIDA_A_NPC<20>|    8.208|
DIRECCION_A_PC<5>  |SALIDA_A_NPC<21>|    8.256|
DIRECCION_A_PC<5>  |SALIDA_A_NPC<22>|    8.130|
DIRECCION_A_PC<5>  |SALIDA_A_NPC<23>|    8.424|
DIRECCION_A_PC<5>  |SALIDA_A_NPC<24>|    8.476|
DIRECCION_A_PC<5>  |SALIDA_A_NPC<25>|    8.425|
DIRECCION_A_PC<5>  |SALIDA_A_NPC<26>|    8.185|
DIRECCION_A_PC<5>  |SALIDA_A_NPC<27>|    8.666|
DIRECCION_A_PC<5>  |SALIDA_A_NPC<28>|    8.523|
DIRECCION_A_PC<5>  |SALIDA_A_NPC<29>|    8.544|
DIRECCION_A_PC<5>  |SALIDA_A_NPC<30>|    8.406|
DIRECCION_A_PC<5>  |SALIDA_A_NPC<31>|    8.664|
DIRECCION_A_PC<6>  |SALIDA_A_NPC<6> |    7.286|
DIRECCION_A_PC<6>  |SALIDA_A_NPC<7> |    7.124|
DIRECCION_A_PC<6>  |SALIDA_A_NPC<8> |    5.812|
DIRECCION_A_PC<6>  |SALIDA_A_NPC<9> |    7.262|
DIRECCION_A_PC<6>  |SALIDA_A_NPC<10>|    7.246|
DIRECCION_A_PC<6>  |SALIDA_A_NPC<11>|    7.418|
DIRECCION_A_PC<6>  |SALIDA_A_NPC<12>|    7.472|
DIRECCION_A_PC<6>  |SALIDA_A_NPC<13>|    7.681|
DIRECCION_A_PC<6>  |SALIDA_A_NPC<14>|    7.592|
DIRECCION_A_PC<6>  |SALIDA_A_NPC<15>|    7.634|
DIRECCION_A_PC<6>  |SALIDA_A_NPC<16>|    7.420|
DIRECCION_A_PC<6>  |SALIDA_A_NPC<17>|    7.527|
DIRECCION_A_PC<6>  |SALIDA_A_NPC<18>|    7.437|
DIRECCION_A_PC<6>  |SALIDA_A_NPC<19>|    7.871|
DIRECCION_A_PC<6>  |SALIDA_A_NPC<20>|    7.676|
DIRECCION_A_PC<6>  |SALIDA_A_NPC<21>|    7.724|
DIRECCION_A_PC<6>  |SALIDA_A_NPC<22>|    7.598|
DIRECCION_A_PC<6>  |SALIDA_A_NPC<23>|    7.892|
DIRECCION_A_PC<6>  |SALIDA_A_NPC<24>|    7.944|
DIRECCION_A_PC<6>  |SALIDA_A_NPC<25>|    7.893|
DIRECCION_A_PC<6>  |SALIDA_A_NPC<26>|    7.653|
DIRECCION_A_PC<6>  |SALIDA_A_NPC<27>|    8.134|
DIRECCION_A_PC<6>  |SALIDA_A_NPC<28>|    7.991|
DIRECCION_A_PC<6>  |SALIDA_A_NPC<29>|    8.012|
DIRECCION_A_PC<6>  |SALIDA_A_NPC<30>|    7.874|
DIRECCION_A_PC<6>  |SALIDA_A_NPC<31>|    8.132|
DIRECCION_A_PC<7>  |SALIDA_A_NPC<7> |    7.312|
DIRECCION_A_PC<7>  |SALIDA_A_NPC<8> |    6.094|
DIRECCION_A_PC<7>  |SALIDA_A_NPC<9> |    7.544|
DIRECCION_A_PC<7>  |SALIDA_A_NPC<10>|    7.528|
DIRECCION_A_PC<7>  |SALIDA_A_NPC<11>|    7.700|
DIRECCION_A_PC<7>  |SALIDA_A_NPC<12>|    7.754|
DIRECCION_A_PC<7>  |SALIDA_A_NPC<13>|    7.963|
DIRECCION_A_PC<7>  |SALIDA_A_NPC<14>|    7.874|
DIRECCION_A_PC<7>  |SALIDA_A_NPC<15>|    7.916|
DIRECCION_A_PC<7>  |SALIDA_A_NPC<16>|    7.702|
DIRECCION_A_PC<7>  |SALIDA_A_NPC<17>|    7.809|
DIRECCION_A_PC<7>  |SALIDA_A_NPC<18>|    7.719|
DIRECCION_A_PC<7>  |SALIDA_A_NPC<19>|    8.153|
DIRECCION_A_PC<7>  |SALIDA_A_NPC<20>|    7.958|
DIRECCION_A_PC<7>  |SALIDA_A_NPC<21>|    8.006|
DIRECCION_A_PC<7>  |SALIDA_A_NPC<22>|    7.880|
DIRECCION_A_PC<7>  |SALIDA_A_NPC<23>|    8.174|
DIRECCION_A_PC<7>  |SALIDA_A_NPC<24>|    8.226|
DIRECCION_A_PC<7>  |SALIDA_A_NPC<25>|    8.175|
DIRECCION_A_PC<7>  |SALIDA_A_NPC<26>|    7.935|
DIRECCION_A_PC<7>  |SALIDA_A_NPC<27>|    8.416|
DIRECCION_A_PC<7>  |SALIDA_A_NPC<28>|    8.273|
DIRECCION_A_PC<7>  |SALIDA_A_NPC<29>|    8.294|
DIRECCION_A_PC<7>  |SALIDA_A_NPC<30>|    8.156|
DIRECCION_A_PC<7>  |SALIDA_A_NPC<31>|    8.414|
DIRECCION_A_PC<8>  |SALIDA_A_NPC<8> |    6.033|
DIRECCION_A_PC<8>  |SALIDA_A_NPC<9> |    7.530|
DIRECCION_A_PC<8>  |SALIDA_A_NPC<10>|    7.660|
DIRECCION_A_PC<8>  |SALIDA_A_NPC<11>|    7.823|
DIRECCION_A_PC<8>  |SALIDA_A_NPC<12>|    7.947|
DIRECCION_A_PC<8>  |SALIDA_A_NPC<13>|    8.156|
DIRECCION_A_PC<8>  |SALIDA_A_NPC<14>|    8.067|
DIRECCION_A_PC<8>  |SALIDA_A_NPC<15>|    8.109|
DIRECCION_A_PC<8>  |SALIDA_A_NPC<16>|    7.895|
DIRECCION_A_PC<8>  |SALIDA_A_NPC<17>|    8.002|
DIRECCION_A_PC<8>  |SALIDA_A_NPC<18>|    7.912|
DIRECCION_A_PC<8>  |SALIDA_A_NPC<19>|    8.346|
DIRECCION_A_PC<8>  |SALIDA_A_NPC<20>|    8.151|
DIRECCION_A_PC<8>  |SALIDA_A_NPC<21>|    8.199|
DIRECCION_A_PC<8>  |SALIDA_A_NPC<22>|    8.073|
DIRECCION_A_PC<8>  |SALIDA_A_NPC<23>|    8.367|
DIRECCION_A_PC<8>  |SALIDA_A_NPC<24>|    8.419|
DIRECCION_A_PC<8>  |SALIDA_A_NPC<25>|    8.368|
DIRECCION_A_PC<8>  |SALIDA_A_NPC<26>|    8.128|
DIRECCION_A_PC<8>  |SALIDA_A_NPC<27>|    8.609|
DIRECCION_A_PC<8>  |SALIDA_A_NPC<28>|    8.466|
DIRECCION_A_PC<8>  |SALIDA_A_NPC<29>|    8.487|
DIRECCION_A_PC<8>  |SALIDA_A_NPC<30>|    8.349|
DIRECCION_A_PC<8>  |SALIDA_A_NPC<31>|    8.607|
DIRECCION_A_PC<9>  |SALIDA_A_NPC<9> |    7.469|
DIRECCION_A_PC<9>  |SALIDA_A_NPC<10>|    7.757|
DIRECCION_A_PC<9>  |SALIDA_A_NPC<11>|    7.921|
DIRECCION_A_PC<9>  |SALIDA_A_NPC<12>|    8.041|
DIRECCION_A_PC<9>  |SALIDA_A_NPC<13>|    8.250|
DIRECCION_A_PC<9>  |SALIDA_A_NPC<14>|    8.161|
DIRECCION_A_PC<9>  |SALIDA_A_NPC<15>|    8.203|
DIRECCION_A_PC<9>  |SALIDA_A_NPC<16>|    7.989|
DIRECCION_A_PC<9>  |SALIDA_A_NPC<17>|    8.096|
DIRECCION_A_PC<9>  |SALIDA_A_NPC<18>|    8.006|
DIRECCION_A_PC<9>  |SALIDA_A_NPC<19>|    8.440|
DIRECCION_A_PC<9>  |SALIDA_A_NPC<20>|    8.245|
DIRECCION_A_PC<9>  |SALIDA_A_NPC<21>|    8.293|
DIRECCION_A_PC<9>  |SALIDA_A_NPC<22>|    8.167|
DIRECCION_A_PC<9>  |SALIDA_A_NPC<23>|    8.461|
DIRECCION_A_PC<9>  |SALIDA_A_NPC<24>|    8.513|
DIRECCION_A_PC<9>  |SALIDA_A_NPC<25>|    8.462|
DIRECCION_A_PC<9>  |SALIDA_A_NPC<26>|    8.222|
DIRECCION_A_PC<9>  |SALIDA_A_NPC<27>|    8.703|
DIRECCION_A_PC<9>  |SALIDA_A_NPC<28>|    8.560|
DIRECCION_A_PC<9>  |SALIDA_A_NPC<29>|    8.581|
DIRECCION_A_PC<9>  |SALIDA_A_NPC<30>|    8.443|
DIRECCION_A_PC<9>  |SALIDA_A_NPC<31>|    8.701|
DIRECCION_A_PC<10> |SALIDA_A_NPC<10>|    7.521|
DIRECCION_A_PC<10> |SALIDA_A_NPC<11>|    7.714|
DIRECCION_A_PC<10> |SALIDA_A_NPC<12>|    7.933|
DIRECCION_A_PC<10> |SALIDA_A_NPC<13>|    8.142|
DIRECCION_A_PC<10> |SALIDA_A_NPC<14>|    8.053|
DIRECCION_A_PC<10> |SALIDA_A_NPC<15>|    8.095|
DIRECCION_A_PC<10> |SALIDA_A_NPC<16>|    7.881|
DIRECCION_A_PC<10> |SALIDA_A_NPC<17>|    7.988|
DIRECCION_A_PC<10> |SALIDA_A_NPC<18>|    7.898|
DIRECCION_A_PC<10> |SALIDA_A_NPC<19>|    8.332|
DIRECCION_A_PC<10> |SALIDA_A_NPC<20>|    8.137|
DIRECCION_A_PC<10> |SALIDA_A_NPC<21>|    8.185|
DIRECCION_A_PC<10> |SALIDA_A_NPC<22>|    8.059|
DIRECCION_A_PC<10> |SALIDA_A_NPC<23>|    8.353|
DIRECCION_A_PC<10> |SALIDA_A_NPC<24>|    8.405|
DIRECCION_A_PC<10> |SALIDA_A_NPC<25>|    8.354|
DIRECCION_A_PC<10> |SALIDA_A_NPC<26>|    8.114|
DIRECCION_A_PC<10> |SALIDA_A_NPC<27>|    8.595|
DIRECCION_A_PC<10> |SALIDA_A_NPC<28>|    8.452|
DIRECCION_A_PC<10> |SALIDA_A_NPC<29>|    8.473|
DIRECCION_A_PC<10> |SALIDA_A_NPC<30>|    8.335|
DIRECCION_A_PC<10> |SALIDA_A_NPC<31>|    8.593|
DIRECCION_A_PC<11> |SALIDA_A_NPC<11>|    7.543|
DIRECCION_A_PC<11> |SALIDA_A_NPC<12>|    7.835|
DIRECCION_A_PC<11> |SALIDA_A_NPC<13>|    8.044|
DIRECCION_A_PC<11> |SALIDA_A_NPC<14>|    7.955|
DIRECCION_A_PC<11> |SALIDA_A_NPC<15>|    7.997|
DIRECCION_A_PC<11> |SALIDA_A_NPC<16>|    7.783|
DIRECCION_A_PC<11> |SALIDA_A_NPC<17>|    7.890|
DIRECCION_A_PC<11> |SALIDA_A_NPC<18>|    7.800|
DIRECCION_A_PC<11> |SALIDA_A_NPC<19>|    8.234|
DIRECCION_A_PC<11> |SALIDA_A_NPC<20>|    8.039|
DIRECCION_A_PC<11> |SALIDA_A_NPC<21>|    8.087|
DIRECCION_A_PC<11> |SALIDA_A_NPC<22>|    7.961|
DIRECCION_A_PC<11> |SALIDA_A_NPC<23>|    8.255|
DIRECCION_A_PC<11> |SALIDA_A_NPC<24>|    8.307|
DIRECCION_A_PC<11> |SALIDA_A_NPC<25>|    8.256|
DIRECCION_A_PC<11> |SALIDA_A_NPC<26>|    8.016|
DIRECCION_A_PC<11> |SALIDA_A_NPC<27>|    8.497|
DIRECCION_A_PC<11> |SALIDA_A_NPC<28>|    8.354|
DIRECCION_A_PC<11> |SALIDA_A_NPC<29>|    8.375|
DIRECCION_A_PC<11> |SALIDA_A_NPC<30>|    8.237|
DIRECCION_A_PC<11> |SALIDA_A_NPC<31>|    8.495|
DIRECCION_A_PC<12> |SALIDA_A_NPC<12>|    7.761|
DIRECCION_A_PC<12> |SALIDA_A_NPC<13>|    8.017|
DIRECCION_A_PC<12> |SALIDA_A_NPC<14>|    8.074|
DIRECCION_A_PC<12> |SALIDA_A_NPC<15>|    8.107|
DIRECCION_A_PC<12> |SALIDA_A_NPC<16>|    7.963|
DIRECCION_A_PC<12> |SALIDA_A_NPC<17>|    8.070|
DIRECCION_A_PC<12> |SALIDA_A_NPC<18>|    7.980|
DIRECCION_A_PC<12> |SALIDA_A_NPC<19>|    8.414|
DIRECCION_A_PC<12> |SALIDA_A_NPC<20>|    8.219|
DIRECCION_A_PC<12> |SALIDA_A_NPC<21>|    8.267|
DIRECCION_A_PC<12> |SALIDA_A_NPC<22>|    8.141|
DIRECCION_A_PC<12> |SALIDA_A_NPC<23>|    8.435|
DIRECCION_A_PC<12> |SALIDA_A_NPC<24>|    8.487|
DIRECCION_A_PC<12> |SALIDA_A_NPC<25>|    8.436|
DIRECCION_A_PC<12> |SALIDA_A_NPC<26>|    8.196|
DIRECCION_A_PC<12> |SALIDA_A_NPC<27>|    8.677|
DIRECCION_A_PC<12> |SALIDA_A_NPC<28>|    8.534|
DIRECCION_A_PC<12> |SALIDA_A_NPC<29>|    8.555|
DIRECCION_A_PC<12> |SALIDA_A_NPC<30>|    8.417|
DIRECCION_A_PC<12> |SALIDA_A_NPC<31>|    8.675|
DIRECCION_A_PC<13> |SALIDA_A_NPC<13>|    7.805|
DIRECCION_A_PC<13> |SALIDA_A_NPC<14>|    8.020|
DIRECCION_A_PC<13> |SALIDA_A_NPC<15>|    8.054|
DIRECCION_A_PC<13> |SALIDA_A_NPC<16>|    7.906|
DIRECCION_A_PC<13> |SALIDA_A_NPC<17>|    8.013|
DIRECCION_A_PC<13> |SALIDA_A_NPC<18>|    7.923|
DIRECCION_A_PC<13> |SALIDA_A_NPC<19>|    8.357|
DIRECCION_A_PC<13> |SALIDA_A_NPC<20>|    8.162|
DIRECCION_A_PC<13> |SALIDA_A_NPC<21>|    8.210|
DIRECCION_A_PC<13> |SALIDA_A_NPC<22>|    8.084|
DIRECCION_A_PC<13> |SALIDA_A_NPC<23>|    8.378|
DIRECCION_A_PC<13> |SALIDA_A_NPC<24>|    8.430|
DIRECCION_A_PC<13> |SALIDA_A_NPC<25>|    8.379|
DIRECCION_A_PC<13> |SALIDA_A_NPC<26>|    8.139|
DIRECCION_A_PC<13> |SALIDA_A_NPC<27>|    8.620|
DIRECCION_A_PC<13> |SALIDA_A_NPC<28>|    8.477|
DIRECCION_A_PC<13> |SALIDA_A_NPC<29>|    8.498|
DIRECCION_A_PC<13> |SALIDA_A_NPC<30>|    8.360|
DIRECCION_A_PC<13> |SALIDA_A_NPC<31>|    8.618|
DIRECCION_A_PC<14> |SALIDA_A_NPC<14>|    7.868|
DIRECCION_A_PC<14> |SALIDA_A_NPC<15>|    7.931|
DIRECCION_A_PC<14> |SALIDA_A_NPC<16>|    7.882|
DIRECCION_A_PC<14> |SALIDA_A_NPC<17>|    7.989|
DIRECCION_A_PC<14> |SALIDA_A_NPC<18>|    7.899|
DIRECCION_A_PC<14> |SALIDA_A_NPC<19>|    8.333|
DIRECCION_A_PC<14> |SALIDA_A_NPC<20>|    8.138|
DIRECCION_A_PC<14> |SALIDA_A_NPC<21>|    8.186|
DIRECCION_A_PC<14> |SALIDA_A_NPC<22>|    8.060|
DIRECCION_A_PC<14> |SALIDA_A_NPC<23>|    8.354|
DIRECCION_A_PC<14> |SALIDA_A_NPC<24>|    8.406|
DIRECCION_A_PC<14> |SALIDA_A_NPC<25>|    8.355|
DIRECCION_A_PC<14> |SALIDA_A_NPC<26>|    8.115|
DIRECCION_A_PC<14> |SALIDA_A_NPC<27>|    8.596|
DIRECCION_A_PC<14> |SALIDA_A_NPC<28>|    8.453|
DIRECCION_A_PC<14> |SALIDA_A_NPC<29>|    8.474|
DIRECCION_A_PC<14> |SALIDA_A_NPC<30>|    8.336|
DIRECCION_A_PC<14> |SALIDA_A_NPC<31>|    8.594|
DIRECCION_A_PC<15> |SALIDA_A_NPC<15>|    7.804|
DIRECCION_A_PC<15> |SALIDA_A_NPC<16>|    7.828|
DIRECCION_A_PC<15> |SALIDA_A_NPC<17>|    7.935|
DIRECCION_A_PC<15> |SALIDA_A_NPC<18>|    7.845|
DIRECCION_A_PC<15> |SALIDA_A_NPC<19>|    8.279|
DIRECCION_A_PC<15> |SALIDA_A_NPC<20>|    8.084|
DIRECCION_A_PC<15> |SALIDA_A_NPC<21>|    8.132|
DIRECCION_A_PC<15> |SALIDA_A_NPC<22>|    8.006|
DIRECCION_A_PC<15> |SALIDA_A_NPC<23>|    8.300|
DIRECCION_A_PC<15> |SALIDA_A_NPC<24>|    8.352|
DIRECCION_A_PC<15> |SALIDA_A_NPC<25>|    8.301|
DIRECCION_A_PC<15> |SALIDA_A_NPC<26>|    8.061|
DIRECCION_A_PC<15> |SALIDA_A_NPC<27>|    8.542|
DIRECCION_A_PC<15> |SALIDA_A_NPC<28>|    8.399|
DIRECCION_A_PC<15> |SALIDA_A_NPC<29>|    8.420|
DIRECCION_A_PC<15> |SALIDA_A_NPC<30>|    8.282|
DIRECCION_A_PC<15> |SALIDA_A_NPC<31>|    8.540|
DIRECCION_A_PC<16> |SALIDA_A_NPC<16>|    7.755|
DIRECCION_A_PC<16> |SALIDA_A_NPC<17>|    7.909|
DIRECCION_A_PC<16> |SALIDA_A_NPC<18>|    7.965|
DIRECCION_A_PC<16> |SALIDA_A_NPC<19>|    8.390|
DIRECCION_A_PC<16> |SALIDA_A_NPC<20>|    8.265|
DIRECCION_A_PC<16> |SALIDA_A_NPC<21>|    8.313|
DIRECCION_A_PC<16> |SALIDA_A_NPC<22>|    8.187|
DIRECCION_A_PC<16> |SALIDA_A_NPC<23>|    8.481|
DIRECCION_A_PC<16> |SALIDA_A_NPC<24>|    8.533|
DIRECCION_A_PC<16> |SALIDA_A_NPC<25>|    8.482|
DIRECCION_A_PC<16> |SALIDA_A_NPC<26>|    8.242|
DIRECCION_A_PC<16> |SALIDA_A_NPC<27>|    8.723|
DIRECCION_A_PC<16> |SALIDA_A_NPC<28>|    8.580|
DIRECCION_A_PC<16> |SALIDA_A_NPC<29>|    8.601|
DIRECCION_A_PC<16> |SALIDA_A_NPC<30>|    8.463|
DIRECCION_A_PC<16> |SALIDA_A_NPC<31>|    8.721|
DIRECCION_A_PC<17> |SALIDA_A_NPC<17>|    7.467|
DIRECCION_A_PC<17> |SALIDA_A_NPC<18>|    7.681|
DIRECCION_A_PC<17> |SALIDA_A_NPC<19>|    8.107|
DIRECCION_A_PC<17> |SALIDA_A_NPC<20>|    7.978|
DIRECCION_A_PC<17> |SALIDA_A_NPC<21>|    8.026|
DIRECCION_A_PC<17> |SALIDA_A_NPC<22>|    7.900|
DIRECCION_A_PC<17> |SALIDA_A_NPC<23>|    8.194|
DIRECCION_A_PC<17> |SALIDA_A_NPC<24>|    8.246|
DIRECCION_A_PC<17> |SALIDA_A_NPC<25>|    8.195|
DIRECCION_A_PC<17> |SALIDA_A_NPC<26>|    7.955|
DIRECCION_A_PC<17> |SALIDA_A_NPC<27>|    8.436|
DIRECCION_A_PC<17> |SALIDA_A_NPC<28>|    8.293|
DIRECCION_A_PC<17> |SALIDA_A_NPC<29>|    8.314|
DIRECCION_A_PC<17> |SALIDA_A_NPC<30>|    8.176|
DIRECCION_A_PC<17> |SALIDA_A_NPC<31>|    8.434|
DIRECCION_A_PC<18> |SALIDA_A_NPC<18>|    8.775|
DIRECCION_A_PC<18> |SALIDA_A_NPC<19>|    9.230|
DIRECCION_A_PC<18> |SALIDA_A_NPC<20>|    9.200|
DIRECCION_A_PC<18> |SALIDA_A_NPC<21>|    9.248|
DIRECCION_A_PC<18> |SALIDA_A_NPC<22>|    9.122|
DIRECCION_A_PC<18> |SALIDA_A_NPC<23>|    9.416|
DIRECCION_A_PC<18> |SALIDA_A_NPC<24>|    9.468|
DIRECCION_A_PC<18> |SALIDA_A_NPC<25>|    9.417|
DIRECCION_A_PC<18> |SALIDA_A_NPC<26>|    9.177|
DIRECCION_A_PC<18> |SALIDA_A_NPC<27>|    9.658|
DIRECCION_A_PC<18> |SALIDA_A_NPC<28>|    9.515|
DIRECCION_A_PC<18> |SALIDA_A_NPC<29>|    9.536|
DIRECCION_A_PC<18> |SALIDA_A_NPC<30>|    9.398|
DIRECCION_A_PC<18> |SALIDA_A_NPC<31>|    9.656|
DIRECCION_A_PC<19> |SALIDA_A_NPC<19>|    9.074|
DIRECCION_A_PC<19> |SALIDA_A_NPC<20>|    9.117|
DIRECCION_A_PC<19> |SALIDA_A_NPC<21>|    9.165|
DIRECCION_A_PC<19> |SALIDA_A_NPC<22>|    9.039|
DIRECCION_A_PC<19> |SALIDA_A_NPC<23>|    9.333|
DIRECCION_A_PC<19> |SALIDA_A_NPC<24>|    9.385|
DIRECCION_A_PC<19> |SALIDA_A_NPC<25>|    9.334|
DIRECCION_A_PC<19> |SALIDA_A_NPC<26>|    9.094|
DIRECCION_A_PC<19> |SALIDA_A_NPC<27>|    9.575|
DIRECCION_A_PC<19> |SALIDA_A_NPC<28>|    9.432|
DIRECCION_A_PC<19> |SALIDA_A_NPC<29>|    9.453|
DIRECCION_A_PC<19> |SALIDA_A_NPC<30>|    9.315|
DIRECCION_A_PC<19> |SALIDA_A_NPC<31>|    9.573|
DIRECCION_A_PC<20> |SALIDA_A_NPC<20>|    8.751|
DIRECCION_A_PC<20> |SALIDA_A_NPC<21>|    8.846|
DIRECCION_A_PC<20> |SALIDA_A_NPC<22>|    8.866|
DIRECCION_A_PC<20> |SALIDA_A_NPC<23>|    9.151|
DIRECCION_A_PC<20> |SALIDA_A_NPC<24>|    9.273|
DIRECCION_A_PC<20> |SALIDA_A_NPC<25>|    9.222|
DIRECCION_A_PC<20> |SALIDA_A_NPC<26>|    8.982|
DIRECCION_A_PC<20> |SALIDA_A_NPC<27>|    9.463|
DIRECCION_A_PC<20> |SALIDA_A_NPC<28>|    9.320|
DIRECCION_A_PC<20> |SALIDA_A_NPC<29>|    9.341|
DIRECCION_A_PC<20> |SALIDA_A_NPC<30>|    9.203|
DIRECCION_A_PC<20> |SALIDA_A_NPC<31>|    9.461|
DIRECCION_A_PC<21> |SALIDA_A_NPC<21>|    8.968|
DIRECCION_A_PC<21> |SALIDA_A_NPC<22>|    9.146|
DIRECCION_A_PC<21> |SALIDA_A_NPC<23>|    9.432|
DIRECCION_A_PC<21> |SALIDA_A_NPC<24>|    9.550|
DIRECCION_A_PC<21> |SALIDA_A_NPC<25>|    9.499|
DIRECCION_A_PC<21> |SALIDA_A_NPC<26>|    9.259|
DIRECCION_A_PC<21> |SALIDA_A_NPC<27>|    9.740|
DIRECCION_A_PC<21> |SALIDA_A_NPC<28>|    9.597|
DIRECCION_A_PC<21> |SALIDA_A_NPC<29>|    9.618|
DIRECCION_A_PC<21> |SALIDA_A_NPC<30>|    9.480|
DIRECCION_A_PC<21> |SALIDA_A_NPC<31>|    9.738|
DIRECCION_A_PC<22> |SALIDA_A_NPC<22>|    9.082|
DIRECCION_A_PC<22> |SALIDA_A_NPC<23>|    9.397|
DIRECCION_A_PC<22> |SALIDA_A_NPC<24>|    9.614|
DIRECCION_A_PC<22> |SALIDA_A_NPC<25>|    9.563|
DIRECCION_A_PC<22> |SALIDA_A_NPC<26>|    9.323|
DIRECCION_A_PC<22> |SALIDA_A_NPC<27>|    9.804|
DIRECCION_A_PC<22> |SALIDA_A_NPC<28>|    9.661|
DIRECCION_A_PC<22> |SALIDA_A_NPC<29>|    9.682|
DIRECCION_A_PC<22> |SALIDA_A_NPC<30>|    9.544|
DIRECCION_A_PC<22> |SALIDA_A_NPC<31>|    9.802|
DIRECCION_A_PC<23> |SALIDA_A_NPC<23>|    9.004|
DIRECCION_A_PC<23> |SALIDA_A_NPC<24>|    9.294|
DIRECCION_A_PC<23> |SALIDA_A_NPC<25>|    9.243|
DIRECCION_A_PC<23> |SALIDA_A_NPC<26>|    9.003|
DIRECCION_A_PC<23> |SALIDA_A_NPC<27>|    9.484|
DIRECCION_A_PC<23> |SALIDA_A_NPC<28>|    9.341|
DIRECCION_A_PC<23> |SALIDA_A_NPC<29>|    9.362|
DIRECCION_A_PC<23> |SALIDA_A_NPC<30>|    9.224|
DIRECCION_A_PC<23> |SALIDA_A_NPC<31>|    9.482|
DIRECCION_A_PC<24> |SALIDA_A_NPC<24>|    9.271|
DIRECCION_A_PC<24> |SALIDA_A_NPC<25>|    9.267|
DIRECCION_A_PC<24> |SALIDA_A_NPC<26>|    9.173|
DIRECCION_A_PC<24> |SALIDA_A_NPC<27>|    9.645|
DIRECCION_A_PC<24> |SALIDA_A_NPC<28>|    9.572|
DIRECCION_A_PC<24> |SALIDA_A_NPC<29>|    9.593|
DIRECCION_A_PC<24> |SALIDA_A_NPC<30>|    9.455|
DIRECCION_A_PC<24> |SALIDA_A_NPC<31>|    9.713|
DIRECCION_A_PC<25> |SALIDA_A_NPC<25>|    9.140|
DIRECCION_A_PC<25> |SALIDA_A_NPC<26>|    9.204|
DIRECCION_A_PC<25> |SALIDA_A_NPC<27>|    9.677|
DIRECCION_A_PC<25> |SALIDA_A_NPC<28>|    9.600|
DIRECCION_A_PC<25> |SALIDA_A_NPC<29>|    9.621|
DIRECCION_A_PC<25> |SALIDA_A_NPC<30>|    9.483|
DIRECCION_A_PC<25> |SALIDA_A_NPC<31>|    9.741|
DIRECCION_A_PC<26> |SALIDA_A_NPC<26>|    8.903|
DIRECCION_A_PC<26> |SALIDA_A_NPC<27>|    9.405|
DIRECCION_A_PC<26> |SALIDA_A_NPC<28>|    9.427|
DIRECCION_A_PC<26> |SALIDA_A_NPC<29>|    9.448|
DIRECCION_A_PC<26> |SALIDA_A_NPC<30>|    9.310|
DIRECCION_A_PC<26> |SALIDA_A_NPC<31>|    9.568|
DIRECCION_A_PC<27> |SALIDA_A_NPC<27>|    9.284|
DIRECCION_A_PC<27> |SALIDA_A_NPC<28>|    9.379|
DIRECCION_A_PC<27> |SALIDA_A_NPC<29>|    9.400|
DIRECCION_A_PC<27> |SALIDA_A_NPC<30>|    9.262|
DIRECCION_A_PC<27> |SALIDA_A_NPC<31>|    9.520|
DIRECCION_A_PC<28> |SALIDA_A_NPC<28>|    8.944|
DIRECCION_A_PC<28> |SALIDA_A_NPC<29>|    9.012|
DIRECCION_A_PC<28> |SALIDA_A_NPC<30>|    9.020|
DIRECCION_A_PC<28> |SALIDA_A_NPC<31>|    9.269|
DIRECCION_A_PC<29> |SALIDA_A_NPC<29>|    8.776|
DIRECCION_A_PC<29> |SALIDA_A_NPC<30>|    8.942|
DIRECCION_A_PC<29> |SALIDA_A_NPC<31>|    9.192|
DIRECCION_A_PC<30> |SALIDA_A_NPC<30>|    8.700|
DIRECCION_A_PC<30> |SALIDA_A_NPC<31>|    8.979|
DIRECCION_A_PC<31> |SALIDA_A_NPC<31>|    8.926|
ENTRADA_SUMADOR<0> |SALIDA_A_NPC<0> |    8.062|
ENTRADA_SUMADOR<0> |SALIDA_A_NPC<1> |    8.065|
ENTRADA_SUMADOR<0> |SALIDA_A_NPC<2> |    8.316|
ENTRADA_SUMADOR<0> |SALIDA_A_NPC<3> |    8.359|
ENTRADA_SUMADOR<0> |SALIDA_A_NPC<4> |    8.414|
ENTRADA_SUMADOR<0> |SALIDA_A_NPC<5> |    8.134|
ENTRADA_SUMADOR<0> |SALIDA_A_NPC<6> |    8.307|
ENTRADA_SUMADOR<0> |SALIDA_A_NPC<7> |    8.103|
ENTRADA_SUMADOR<0> |SALIDA_A_NPC<8> |    6.647|
ENTRADA_SUMADOR<0> |SALIDA_A_NPC<9> |    8.097|
ENTRADA_SUMADOR<0> |SALIDA_A_NPC<10>|    8.081|
ENTRADA_SUMADOR<0> |SALIDA_A_NPC<11>|    8.253|
ENTRADA_SUMADOR<0> |SALIDA_A_NPC<12>|    8.307|
ENTRADA_SUMADOR<0> |SALIDA_A_NPC<13>|    8.516|
ENTRADA_SUMADOR<0> |SALIDA_A_NPC<14>|    8.427|
ENTRADA_SUMADOR<0> |SALIDA_A_NPC<15>|    8.469|
ENTRADA_SUMADOR<0> |SALIDA_A_NPC<16>|    8.255|
ENTRADA_SUMADOR<0> |SALIDA_A_NPC<17>|    8.362|
ENTRADA_SUMADOR<0> |SALIDA_A_NPC<18>|    8.272|
ENTRADA_SUMADOR<0> |SALIDA_A_NPC<19>|    8.706|
ENTRADA_SUMADOR<0> |SALIDA_A_NPC<20>|    8.511|
ENTRADA_SUMADOR<0> |SALIDA_A_NPC<21>|    8.559|
ENTRADA_SUMADOR<0> |SALIDA_A_NPC<22>|    8.433|
ENTRADA_SUMADOR<0> |SALIDA_A_NPC<23>|    8.727|
ENTRADA_SUMADOR<0> |SALIDA_A_NPC<24>|    8.779|
ENTRADA_SUMADOR<0> |SALIDA_A_NPC<25>|    8.728|
ENTRADA_SUMADOR<0> |SALIDA_A_NPC<26>|    8.488|
ENTRADA_SUMADOR<0> |SALIDA_A_NPC<27>|    8.969|
ENTRADA_SUMADOR<0> |SALIDA_A_NPC<28>|    8.826|
ENTRADA_SUMADOR<0> |SALIDA_A_NPC<29>|    8.847|
ENTRADA_SUMADOR<0> |SALIDA_A_NPC<30>|    8.709|
ENTRADA_SUMADOR<0> |SALIDA_A_NPC<31>|    8.967|
ENTRADA_SUMADOR<1> |SALIDA_A_NPC<1> |    7.742|
ENTRADA_SUMADOR<1> |SALIDA_A_NPC<2> |    8.151|
ENTRADA_SUMADOR<1> |SALIDA_A_NPC<3> |    8.195|
ENTRADA_SUMADOR<1> |SALIDA_A_NPC<4> |    8.246|
ENTRADA_SUMADOR<1> |SALIDA_A_NPC<5> |    7.966|
ENTRADA_SUMADOR<1> |SALIDA_A_NPC<6> |    8.139|
ENTRADA_SUMADOR<1> |SALIDA_A_NPC<7> |    7.935|
ENTRADA_SUMADOR<1> |SALIDA_A_NPC<8> |    6.479|
ENTRADA_SUMADOR<1> |SALIDA_A_NPC<9> |    7.929|
ENTRADA_SUMADOR<1> |SALIDA_A_NPC<10>|    7.913|
ENTRADA_SUMADOR<1> |SALIDA_A_NPC<11>|    8.085|
ENTRADA_SUMADOR<1> |SALIDA_A_NPC<12>|    8.139|
ENTRADA_SUMADOR<1> |SALIDA_A_NPC<13>|    8.348|
ENTRADA_SUMADOR<1> |SALIDA_A_NPC<14>|    8.259|
ENTRADA_SUMADOR<1> |SALIDA_A_NPC<15>|    8.301|
ENTRADA_SUMADOR<1> |SALIDA_A_NPC<16>|    8.087|
ENTRADA_SUMADOR<1> |SALIDA_A_NPC<17>|    8.194|
ENTRADA_SUMADOR<1> |SALIDA_A_NPC<18>|    8.104|
ENTRADA_SUMADOR<1> |SALIDA_A_NPC<19>|    8.538|
ENTRADA_SUMADOR<1> |SALIDA_A_NPC<20>|    8.343|
ENTRADA_SUMADOR<1> |SALIDA_A_NPC<21>|    8.391|
ENTRADA_SUMADOR<1> |SALIDA_A_NPC<22>|    8.265|
ENTRADA_SUMADOR<1> |SALIDA_A_NPC<23>|    8.559|
ENTRADA_SUMADOR<1> |SALIDA_A_NPC<24>|    8.611|
ENTRADA_SUMADOR<1> |SALIDA_A_NPC<25>|    8.560|
ENTRADA_SUMADOR<1> |SALIDA_A_NPC<26>|    8.320|
ENTRADA_SUMADOR<1> |SALIDA_A_NPC<27>|    8.801|
ENTRADA_SUMADOR<1> |SALIDA_A_NPC<28>|    8.658|
ENTRADA_SUMADOR<1> |SALIDA_A_NPC<29>|    8.679|
ENTRADA_SUMADOR<1> |SALIDA_A_NPC<30>|    8.541|
ENTRADA_SUMADOR<1> |SALIDA_A_NPC<31>|    8.799|
ENTRADA_SUMADOR<2> |SALIDA_A_NPC<2> |    8.136|
ENTRADA_SUMADOR<2> |SALIDA_A_NPC<3> |    8.209|
ENTRADA_SUMADOR<2> |SALIDA_A_NPC<4> |    8.359|
ENTRADA_SUMADOR<2> |SALIDA_A_NPC<5> |    8.079|
ENTRADA_SUMADOR<2> |SALIDA_A_NPC<6> |    8.252|
ENTRADA_SUMADOR<2> |SALIDA_A_NPC<7> |    8.048|
ENTRADA_SUMADOR<2> |SALIDA_A_NPC<8> |    6.592|
ENTRADA_SUMADOR<2> |SALIDA_A_NPC<9> |    8.042|
ENTRADA_SUMADOR<2> |SALIDA_A_NPC<10>|    8.026|
ENTRADA_SUMADOR<2> |SALIDA_A_NPC<11>|    8.198|
ENTRADA_SUMADOR<2> |SALIDA_A_NPC<12>|    8.252|
ENTRADA_SUMADOR<2> |SALIDA_A_NPC<13>|    8.461|
ENTRADA_SUMADOR<2> |SALIDA_A_NPC<14>|    8.372|
ENTRADA_SUMADOR<2> |SALIDA_A_NPC<15>|    8.414|
ENTRADA_SUMADOR<2> |SALIDA_A_NPC<16>|    8.200|
ENTRADA_SUMADOR<2> |SALIDA_A_NPC<17>|    8.307|
ENTRADA_SUMADOR<2> |SALIDA_A_NPC<18>|    8.217|
ENTRADA_SUMADOR<2> |SALIDA_A_NPC<19>|    8.651|
ENTRADA_SUMADOR<2> |SALIDA_A_NPC<20>|    8.456|
ENTRADA_SUMADOR<2> |SALIDA_A_NPC<21>|    8.504|
ENTRADA_SUMADOR<2> |SALIDA_A_NPC<22>|    8.378|
ENTRADA_SUMADOR<2> |SALIDA_A_NPC<23>|    8.672|
ENTRADA_SUMADOR<2> |SALIDA_A_NPC<24>|    8.724|
ENTRADA_SUMADOR<2> |SALIDA_A_NPC<25>|    8.673|
ENTRADA_SUMADOR<2> |SALIDA_A_NPC<26>|    8.433|
ENTRADA_SUMADOR<2> |SALIDA_A_NPC<27>|    8.914|
ENTRADA_SUMADOR<2> |SALIDA_A_NPC<28>|    8.771|
ENTRADA_SUMADOR<2> |SALIDA_A_NPC<29>|    8.792|
ENTRADA_SUMADOR<2> |SALIDA_A_NPC<30>|    8.654|
ENTRADA_SUMADOR<2> |SALIDA_A_NPC<31>|    8.912|
ENTRADA_SUMADOR<3> |SALIDA_A_NPC<3> |    8.245|
ENTRADA_SUMADOR<3> |SALIDA_A_NPC<4> |    8.468|
ENTRADA_SUMADOR<3> |SALIDA_A_NPC<5> |    8.188|
ENTRADA_SUMADOR<3> |SALIDA_A_NPC<6> |    8.361|
ENTRADA_SUMADOR<3> |SALIDA_A_NPC<7> |    8.157|
ENTRADA_SUMADOR<3> |SALIDA_A_NPC<8> |    6.701|
ENTRADA_SUMADOR<3> |SALIDA_A_NPC<9> |    8.151|
ENTRADA_SUMADOR<3> |SALIDA_A_NPC<10>|    8.135|
ENTRADA_SUMADOR<3> |SALIDA_A_NPC<11>|    8.307|
ENTRADA_SUMADOR<3> |SALIDA_A_NPC<12>|    8.361|
ENTRADA_SUMADOR<3> |SALIDA_A_NPC<13>|    8.570|
ENTRADA_SUMADOR<3> |SALIDA_A_NPC<14>|    8.481|
ENTRADA_SUMADOR<3> |SALIDA_A_NPC<15>|    8.523|
ENTRADA_SUMADOR<3> |SALIDA_A_NPC<16>|    8.309|
ENTRADA_SUMADOR<3> |SALIDA_A_NPC<17>|    8.416|
ENTRADA_SUMADOR<3> |SALIDA_A_NPC<18>|    8.326|
ENTRADA_SUMADOR<3> |SALIDA_A_NPC<19>|    8.760|
ENTRADA_SUMADOR<3> |SALIDA_A_NPC<20>|    8.565|
ENTRADA_SUMADOR<3> |SALIDA_A_NPC<21>|    8.613|
ENTRADA_SUMADOR<3> |SALIDA_A_NPC<22>|    8.487|
ENTRADA_SUMADOR<3> |SALIDA_A_NPC<23>|    8.781|
ENTRADA_SUMADOR<3> |SALIDA_A_NPC<24>|    8.833|
ENTRADA_SUMADOR<3> |SALIDA_A_NPC<25>|    8.782|
ENTRADA_SUMADOR<3> |SALIDA_A_NPC<26>|    8.542|
ENTRADA_SUMADOR<3> |SALIDA_A_NPC<27>|    9.023|
ENTRADA_SUMADOR<3> |SALIDA_A_NPC<28>|    8.880|
ENTRADA_SUMADOR<3> |SALIDA_A_NPC<29>|    8.901|
ENTRADA_SUMADOR<3> |SALIDA_A_NPC<30>|    8.763|
ENTRADA_SUMADOR<3> |SALIDA_A_NPC<31>|    9.021|
ENTRADA_SUMADOR<4> |SALIDA_A_NPC<4> |    7.801|
ENTRADA_SUMADOR<4> |SALIDA_A_NPC<5> |    7.568|
ENTRADA_SUMADOR<4> |SALIDA_A_NPC<6> |    7.887|
ENTRADA_SUMADOR<4> |SALIDA_A_NPC<7> |    7.674|
ENTRADA_SUMADOR<4> |SALIDA_A_NPC<8> |    6.288|
ENTRADA_SUMADOR<4> |SALIDA_A_NPC<9> |    7.738|
ENTRADA_SUMADOR<4> |SALIDA_A_NPC<10>|    7.722|
ENTRADA_SUMADOR<4> |SALIDA_A_NPC<11>|    7.894|
ENTRADA_SUMADOR<4> |SALIDA_A_NPC<12>|    7.948|
ENTRADA_SUMADOR<4> |SALIDA_A_NPC<13>|    8.157|
ENTRADA_SUMADOR<4> |SALIDA_A_NPC<14>|    8.068|
ENTRADA_SUMADOR<4> |SALIDA_A_NPC<15>|    8.110|
ENTRADA_SUMADOR<4> |SALIDA_A_NPC<16>|    7.896|
ENTRADA_SUMADOR<4> |SALIDA_A_NPC<17>|    8.003|
ENTRADA_SUMADOR<4> |SALIDA_A_NPC<18>|    7.913|
ENTRADA_SUMADOR<4> |SALIDA_A_NPC<19>|    8.347|
ENTRADA_SUMADOR<4> |SALIDA_A_NPC<20>|    8.152|
ENTRADA_SUMADOR<4> |SALIDA_A_NPC<21>|    8.200|
ENTRADA_SUMADOR<4> |SALIDA_A_NPC<22>|    8.074|
ENTRADA_SUMADOR<4> |SALIDA_A_NPC<23>|    8.368|
ENTRADA_SUMADOR<4> |SALIDA_A_NPC<24>|    8.420|
ENTRADA_SUMADOR<4> |SALIDA_A_NPC<25>|    8.369|
ENTRADA_SUMADOR<4> |SALIDA_A_NPC<26>|    8.129|
ENTRADA_SUMADOR<4> |SALIDA_A_NPC<27>|    8.610|
ENTRADA_SUMADOR<4> |SALIDA_A_NPC<28>|    8.467|
ENTRADA_SUMADOR<4> |SALIDA_A_NPC<29>|    8.488|
ENTRADA_SUMADOR<4> |SALIDA_A_NPC<30>|    8.350|
ENTRADA_SUMADOR<4> |SALIDA_A_NPC<31>|    8.608|
ENTRADA_SUMADOR<5> |SALIDA_A_NPC<5> |    7.737|
ENTRADA_SUMADOR<5> |SALIDA_A_NPC<6> |    8.214|
ENTRADA_SUMADOR<5> |SALIDA_A_NPC<7> |    8.002|
ENTRADA_SUMADOR<5> |SALIDA_A_NPC<8> |    6.612|
ENTRADA_SUMADOR<5> |SALIDA_A_NPC<9> |    8.062|
ENTRADA_SUMADOR<5> |SALIDA_A_NPC<10>|    8.046|
ENTRADA_SUMADOR<5> |SALIDA_A_NPC<11>|    8.218|
ENTRADA_SUMADOR<5> |SALIDA_A_NPC<12>|    8.272|
ENTRADA_SUMADOR<5> |SALIDA_A_NPC<13>|    8.481|
ENTRADA_SUMADOR<5> |SALIDA_A_NPC<14>|    8.392|
ENTRADA_SUMADOR<5> |SALIDA_A_NPC<15>|    8.434|
ENTRADA_SUMADOR<5> |SALIDA_A_NPC<16>|    8.220|
ENTRADA_SUMADOR<5> |SALIDA_A_NPC<17>|    8.327|
ENTRADA_SUMADOR<5> |SALIDA_A_NPC<18>|    8.237|
ENTRADA_SUMADOR<5> |SALIDA_A_NPC<19>|    8.671|
ENTRADA_SUMADOR<5> |SALIDA_A_NPC<20>|    8.476|
ENTRADA_SUMADOR<5> |SALIDA_A_NPC<21>|    8.524|
ENTRADA_SUMADOR<5> |SALIDA_A_NPC<22>|    8.398|
ENTRADA_SUMADOR<5> |SALIDA_A_NPC<23>|    8.692|
ENTRADA_SUMADOR<5> |SALIDA_A_NPC<24>|    8.744|
ENTRADA_SUMADOR<5> |SALIDA_A_NPC<25>|    8.693|
ENTRADA_SUMADOR<5> |SALIDA_A_NPC<26>|    8.453|
ENTRADA_SUMADOR<5> |SALIDA_A_NPC<27>|    8.934|
ENTRADA_SUMADOR<5> |SALIDA_A_NPC<28>|    8.791|
ENTRADA_SUMADOR<5> |SALIDA_A_NPC<29>|    8.812|
ENTRADA_SUMADOR<5> |SALIDA_A_NPC<30>|    8.674|
ENTRADA_SUMADOR<5> |SALIDA_A_NPC<31>|    8.932|
ENTRADA_SUMADOR<6> |SALIDA_A_NPC<6> |    7.977|
ENTRADA_SUMADOR<6> |SALIDA_A_NPC<7> |    7.794|
ENTRADA_SUMADOR<6> |SALIDA_A_NPC<8> |    6.503|
ENTRADA_SUMADOR<6> |SALIDA_A_NPC<9> |    7.953|
ENTRADA_SUMADOR<6> |SALIDA_A_NPC<10>|    7.937|
ENTRADA_SUMADOR<6> |SALIDA_A_NPC<11>|    8.109|
ENTRADA_SUMADOR<6> |SALIDA_A_NPC<12>|    8.163|
ENTRADA_SUMADOR<6> |SALIDA_A_NPC<13>|    8.372|
ENTRADA_SUMADOR<6> |SALIDA_A_NPC<14>|    8.283|
ENTRADA_SUMADOR<6> |SALIDA_A_NPC<15>|    8.325|
ENTRADA_SUMADOR<6> |SALIDA_A_NPC<16>|    8.111|
ENTRADA_SUMADOR<6> |SALIDA_A_NPC<17>|    8.218|
ENTRADA_SUMADOR<6> |SALIDA_A_NPC<18>|    8.128|
ENTRADA_SUMADOR<6> |SALIDA_A_NPC<19>|    8.562|
ENTRADA_SUMADOR<6> |SALIDA_A_NPC<20>|    8.367|
ENTRADA_SUMADOR<6> |SALIDA_A_NPC<21>|    8.415|
ENTRADA_SUMADOR<6> |SALIDA_A_NPC<22>|    8.289|
ENTRADA_SUMADOR<6> |SALIDA_A_NPC<23>|    8.583|
ENTRADA_SUMADOR<6> |SALIDA_A_NPC<24>|    8.635|
ENTRADA_SUMADOR<6> |SALIDA_A_NPC<25>|    8.584|
ENTRADA_SUMADOR<6> |SALIDA_A_NPC<26>|    8.344|
ENTRADA_SUMADOR<6> |SALIDA_A_NPC<27>|    8.825|
ENTRADA_SUMADOR<6> |SALIDA_A_NPC<28>|    8.682|
ENTRADA_SUMADOR<6> |SALIDA_A_NPC<29>|    8.703|
ENTRADA_SUMADOR<6> |SALIDA_A_NPC<30>|    8.565|
ENTRADA_SUMADOR<6> |SALIDA_A_NPC<31>|    8.823|
ENTRADA_SUMADOR<7> |SALIDA_A_NPC<7> |    7.625|
ENTRADA_SUMADOR<7> |SALIDA_A_NPC<8> |    6.407|
ENTRADA_SUMADOR<7> |SALIDA_A_NPC<9> |    7.857|
ENTRADA_SUMADOR<7> |SALIDA_A_NPC<10>|    7.841|
ENTRADA_SUMADOR<7> |SALIDA_A_NPC<11>|    8.013|
ENTRADA_SUMADOR<7> |SALIDA_A_NPC<12>|    8.067|
ENTRADA_SUMADOR<7> |SALIDA_A_NPC<13>|    8.276|
ENTRADA_SUMADOR<7> |SALIDA_A_NPC<14>|    8.187|
ENTRADA_SUMADOR<7> |SALIDA_A_NPC<15>|    8.229|
ENTRADA_SUMADOR<7> |SALIDA_A_NPC<16>|    8.015|
ENTRADA_SUMADOR<7> |SALIDA_A_NPC<17>|    8.122|
ENTRADA_SUMADOR<7> |SALIDA_A_NPC<18>|    8.032|
ENTRADA_SUMADOR<7> |SALIDA_A_NPC<19>|    8.466|
ENTRADA_SUMADOR<7> |SALIDA_A_NPC<20>|    8.271|
ENTRADA_SUMADOR<7> |SALIDA_A_NPC<21>|    8.319|
ENTRADA_SUMADOR<7> |SALIDA_A_NPC<22>|    8.193|
ENTRADA_SUMADOR<7> |SALIDA_A_NPC<23>|    8.487|
ENTRADA_SUMADOR<7> |SALIDA_A_NPC<24>|    8.539|
ENTRADA_SUMADOR<7> |SALIDA_A_NPC<25>|    8.488|
ENTRADA_SUMADOR<7> |SALIDA_A_NPC<26>|    8.248|
ENTRADA_SUMADOR<7> |SALIDA_A_NPC<27>|    8.729|
ENTRADA_SUMADOR<7> |SALIDA_A_NPC<28>|    8.586|
ENTRADA_SUMADOR<7> |SALIDA_A_NPC<29>|    8.607|
ENTRADA_SUMADOR<7> |SALIDA_A_NPC<30>|    8.469|
ENTRADA_SUMADOR<7> |SALIDA_A_NPC<31>|    8.727|
ENTRADA_SUMADOR<8> |SALIDA_A_NPC<8> |    6.146|
ENTRADA_SUMADOR<8> |SALIDA_A_NPC<9> |    7.643|
ENTRADA_SUMADOR<8> |SALIDA_A_NPC<10>|    7.773|
ENTRADA_SUMADOR<8> |SALIDA_A_NPC<11>|    7.936|
ENTRADA_SUMADOR<8> |SALIDA_A_NPC<12>|    8.060|
ENTRADA_SUMADOR<8> |SALIDA_A_NPC<13>|    8.269|
ENTRADA_SUMADOR<8> |SALIDA_A_NPC<14>|    8.180|
ENTRADA_SUMADOR<8> |SALIDA_A_NPC<15>|    8.222|
ENTRADA_SUMADOR<8> |SALIDA_A_NPC<16>|    8.008|
ENTRADA_SUMADOR<8> |SALIDA_A_NPC<17>|    8.115|
ENTRADA_SUMADOR<8> |SALIDA_A_NPC<18>|    8.025|
ENTRADA_SUMADOR<8> |SALIDA_A_NPC<19>|    8.459|
ENTRADA_SUMADOR<8> |SALIDA_A_NPC<20>|    8.264|
ENTRADA_SUMADOR<8> |SALIDA_A_NPC<21>|    8.312|
ENTRADA_SUMADOR<8> |SALIDA_A_NPC<22>|    8.186|
ENTRADA_SUMADOR<8> |SALIDA_A_NPC<23>|    8.480|
ENTRADA_SUMADOR<8> |SALIDA_A_NPC<24>|    8.532|
ENTRADA_SUMADOR<8> |SALIDA_A_NPC<25>|    8.481|
ENTRADA_SUMADOR<8> |SALIDA_A_NPC<26>|    8.241|
ENTRADA_SUMADOR<8> |SALIDA_A_NPC<27>|    8.722|
ENTRADA_SUMADOR<8> |SALIDA_A_NPC<28>|    8.579|
ENTRADA_SUMADOR<8> |SALIDA_A_NPC<29>|    8.600|
ENTRADA_SUMADOR<8> |SALIDA_A_NPC<30>|    8.462|
ENTRADA_SUMADOR<8> |SALIDA_A_NPC<31>|    8.720|
ENTRADA_SUMADOR<9> |SALIDA_A_NPC<9> |    7.477|
ENTRADA_SUMADOR<9> |SALIDA_A_NPC<10>|    7.765|
ENTRADA_SUMADOR<9> |SALIDA_A_NPC<11>|    7.929|
ENTRADA_SUMADOR<9> |SALIDA_A_NPC<12>|    8.049|
ENTRADA_SUMADOR<9> |SALIDA_A_NPC<13>|    8.258|
ENTRADA_SUMADOR<9> |SALIDA_A_NPC<14>|    8.169|
ENTRADA_SUMADOR<9> |SALIDA_A_NPC<15>|    8.211|
ENTRADA_SUMADOR<9> |SALIDA_A_NPC<16>|    7.997|
ENTRADA_SUMADOR<9> |SALIDA_A_NPC<17>|    8.104|
ENTRADA_SUMADOR<9> |SALIDA_A_NPC<18>|    8.014|
ENTRADA_SUMADOR<9> |SALIDA_A_NPC<19>|    8.448|
ENTRADA_SUMADOR<9> |SALIDA_A_NPC<20>|    8.253|
ENTRADA_SUMADOR<9> |SALIDA_A_NPC<21>|    8.301|
ENTRADA_SUMADOR<9> |SALIDA_A_NPC<22>|    8.175|
ENTRADA_SUMADOR<9> |SALIDA_A_NPC<23>|    8.469|
ENTRADA_SUMADOR<9> |SALIDA_A_NPC<24>|    8.521|
ENTRADA_SUMADOR<9> |SALIDA_A_NPC<25>|    8.470|
ENTRADA_SUMADOR<9> |SALIDA_A_NPC<26>|    8.230|
ENTRADA_SUMADOR<9> |SALIDA_A_NPC<27>|    8.711|
ENTRADA_SUMADOR<9> |SALIDA_A_NPC<28>|    8.568|
ENTRADA_SUMADOR<9> |SALIDA_A_NPC<29>|    8.589|
ENTRADA_SUMADOR<9> |SALIDA_A_NPC<30>|    8.451|
ENTRADA_SUMADOR<9> |SALIDA_A_NPC<31>|    8.709|
ENTRADA_SUMADOR<10>|SALIDA_A_NPC<10>|    7.514|
ENTRADA_SUMADOR<10>|SALIDA_A_NPC<11>|    7.707|
ENTRADA_SUMADOR<10>|SALIDA_A_NPC<12>|    7.926|
ENTRADA_SUMADOR<10>|SALIDA_A_NPC<13>|    8.135|
ENTRADA_SUMADOR<10>|SALIDA_A_NPC<14>|    8.046|
ENTRADA_SUMADOR<10>|SALIDA_A_NPC<15>|    8.088|
ENTRADA_SUMADOR<10>|SALIDA_A_NPC<16>|    7.874|
ENTRADA_SUMADOR<10>|SALIDA_A_NPC<17>|    7.981|
ENTRADA_SUMADOR<10>|SALIDA_A_NPC<18>|    7.891|
ENTRADA_SUMADOR<10>|SALIDA_A_NPC<19>|    8.325|
ENTRADA_SUMADOR<10>|SALIDA_A_NPC<20>|    8.130|
ENTRADA_SUMADOR<10>|SALIDA_A_NPC<21>|    8.178|
ENTRADA_SUMADOR<10>|SALIDA_A_NPC<22>|    8.052|
ENTRADA_SUMADOR<10>|SALIDA_A_NPC<23>|    8.346|
ENTRADA_SUMADOR<10>|SALIDA_A_NPC<24>|    8.398|
ENTRADA_SUMADOR<10>|SALIDA_A_NPC<25>|    8.347|
ENTRADA_SUMADOR<10>|SALIDA_A_NPC<26>|    8.107|
ENTRADA_SUMADOR<10>|SALIDA_A_NPC<27>|    8.588|
ENTRADA_SUMADOR<10>|SALIDA_A_NPC<28>|    8.445|
ENTRADA_SUMADOR<10>|SALIDA_A_NPC<29>|    8.466|
ENTRADA_SUMADOR<10>|SALIDA_A_NPC<30>|    8.328|
ENTRADA_SUMADOR<10>|SALIDA_A_NPC<31>|    8.586|
ENTRADA_SUMADOR<11>|SALIDA_A_NPC<11>|    7.600|
ENTRADA_SUMADOR<11>|SALIDA_A_NPC<12>|    7.892|
ENTRADA_SUMADOR<11>|SALIDA_A_NPC<13>|    8.101|
ENTRADA_SUMADOR<11>|SALIDA_A_NPC<14>|    8.012|
ENTRADA_SUMADOR<11>|SALIDA_A_NPC<15>|    8.054|
ENTRADA_SUMADOR<11>|SALIDA_A_NPC<16>|    7.840|
ENTRADA_SUMADOR<11>|SALIDA_A_NPC<17>|    7.947|
ENTRADA_SUMADOR<11>|SALIDA_A_NPC<18>|    7.857|
ENTRADA_SUMADOR<11>|SALIDA_A_NPC<19>|    8.291|
ENTRADA_SUMADOR<11>|SALIDA_A_NPC<20>|    8.096|
ENTRADA_SUMADOR<11>|SALIDA_A_NPC<21>|    8.144|
ENTRADA_SUMADOR<11>|SALIDA_A_NPC<22>|    8.018|
ENTRADA_SUMADOR<11>|SALIDA_A_NPC<23>|    8.312|
ENTRADA_SUMADOR<11>|SALIDA_A_NPC<24>|    8.364|
ENTRADA_SUMADOR<11>|SALIDA_A_NPC<25>|    8.313|
ENTRADA_SUMADOR<11>|SALIDA_A_NPC<26>|    8.073|
ENTRADA_SUMADOR<11>|SALIDA_A_NPC<27>|    8.554|
ENTRADA_SUMADOR<11>|SALIDA_A_NPC<28>|    8.411|
ENTRADA_SUMADOR<11>|SALIDA_A_NPC<29>|    8.432|
ENTRADA_SUMADOR<11>|SALIDA_A_NPC<30>|    8.294|
ENTRADA_SUMADOR<11>|SALIDA_A_NPC<31>|    8.552|
ENTRADA_SUMADOR<12>|SALIDA_A_NPC<12>|    7.168|
ENTRADA_SUMADOR<12>|SALIDA_A_NPC<13>|    7.424|
ENTRADA_SUMADOR<12>|SALIDA_A_NPC<14>|    7.481|
ENTRADA_SUMADOR<12>|SALIDA_A_NPC<15>|    7.514|
ENTRADA_SUMADOR<12>|SALIDA_A_NPC<16>|    7.370|
ENTRADA_SUMADOR<12>|SALIDA_A_NPC<17>|    7.477|
ENTRADA_SUMADOR<12>|SALIDA_A_NPC<18>|    7.387|
ENTRADA_SUMADOR<12>|SALIDA_A_NPC<19>|    7.821|
ENTRADA_SUMADOR<12>|SALIDA_A_NPC<20>|    7.626|
ENTRADA_SUMADOR<12>|SALIDA_A_NPC<21>|    7.674|
ENTRADA_SUMADOR<12>|SALIDA_A_NPC<22>|    7.548|
ENTRADA_SUMADOR<12>|SALIDA_A_NPC<23>|    7.842|
ENTRADA_SUMADOR<12>|SALIDA_A_NPC<24>|    7.894|
ENTRADA_SUMADOR<12>|SALIDA_A_NPC<25>|    7.843|
ENTRADA_SUMADOR<12>|SALIDA_A_NPC<26>|    7.603|
ENTRADA_SUMADOR<12>|SALIDA_A_NPC<27>|    8.084|
ENTRADA_SUMADOR<12>|SALIDA_A_NPC<28>|    7.941|
ENTRADA_SUMADOR<12>|SALIDA_A_NPC<29>|    7.962|
ENTRADA_SUMADOR<12>|SALIDA_A_NPC<30>|    7.824|
ENTRADA_SUMADOR<12>|SALIDA_A_NPC<31>|    8.082|
ENTRADA_SUMADOR<13>|SALIDA_A_NPC<13>|    7.470|
ENTRADA_SUMADOR<13>|SALIDA_A_NPC<14>|    7.685|
ENTRADA_SUMADOR<13>|SALIDA_A_NPC<15>|    7.719|
ENTRADA_SUMADOR<13>|SALIDA_A_NPC<16>|    7.571|
ENTRADA_SUMADOR<13>|SALIDA_A_NPC<17>|    7.678|
ENTRADA_SUMADOR<13>|SALIDA_A_NPC<18>|    7.588|
ENTRADA_SUMADOR<13>|SALIDA_A_NPC<19>|    8.022|
ENTRADA_SUMADOR<13>|SALIDA_A_NPC<20>|    7.827|
ENTRADA_SUMADOR<13>|SALIDA_A_NPC<21>|    7.875|
ENTRADA_SUMADOR<13>|SALIDA_A_NPC<22>|    7.749|
ENTRADA_SUMADOR<13>|SALIDA_A_NPC<23>|    8.043|
ENTRADA_SUMADOR<13>|SALIDA_A_NPC<24>|    8.095|
ENTRADA_SUMADOR<13>|SALIDA_A_NPC<25>|    8.044|
ENTRADA_SUMADOR<13>|SALIDA_A_NPC<26>|    7.804|
ENTRADA_SUMADOR<13>|SALIDA_A_NPC<27>|    8.285|
ENTRADA_SUMADOR<13>|SALIDA_A_NPC<28>|    8.142|
ENTRADA_SUMADOR<13>|SALIDA_A_NPC<29>|    8.163|
ENTRADA_SUMADOR<13>|SALIDA_A_NPC<30>|    8.025|
ENTRADA_SUMADOR<13>|SALIDA_A_NPC<31>|    8.283|
ENTRADA_SUMADOR<14>|SALIDA_A_NPC<14>|    7.314|
ENTRADA_SUMADOR<14>|SALIDA_A_NPC<15>|    7.377|
ENTRADA_SUMADOR<14>|SALIDA_A_NPC<16>|    7.328|
ENTRADA_SUMADOR<14>|SALIDA_A_NPC<17>|    7.435|
ENTRADA_SUMADOR<14>|SALIDA_A_NPC<18>|    7.345|
ENTRADA_SUMADOR<14>|SALIDA_A_NPC<19>|    7.779|
ENTRADA_SUMADOR<14>|SALIDA_A_NPC<20>|    7.584|
ENTRADA_SUMADOR<14>|SALIDA_A_NPC<21>|    7.632|
ENTRADA_SUMADOR<14>|SALIDA_A_NPC<22>|    7.506|
ENTRADA_SUMADOR<14>|SALIDA_A_NPC<23>|    7.800|
ENTRADA_SUMADOR<14>|SALIDA_A_NPC<24>|    7.852|
ENTRADA_SUMADOR<14>|SALIDA_A_NPC<25>|    7.801|
ENTRADA_SUMADOR<14>|SALIDA_A_NPC<26>|    7.561|
ENTRADA_SUMADOR<14>|SALIDA_A_NPC<27>|    8.042|
ENTRADA_SUMADOR<14>|SALIDA_A_NPC<28>|    7.899|
ENTRADA_SUMADOR<14>|SALIDA_A_NPC<29>|    7.920|
ENTRADA_SUMADOR<14>|SALIDA_A_NPC<30>|    7.782|
ENTRADA_SUMADOR<14>|SALIDA_A_NPC<31>|    8.040|
ENTRADA_SUMADOR<15>|SALIDA_A_NPC<15>|    7.308|
ENTRADA_SUMADOR<15>|SALIDA_A_NPC<16>|    7.332|
ENTRADA_SUMADOR<15>|SALIDA_A_NPC<17>|    7.439|
ENTRADA_SUMADOR<15>|SALIDA_A_NPC<18>|    7.349|
ENTRADA_SUMADOR<15>|SALIDA_A_NPC<19>|    7.783|
ENTRADA_SUMADOR<15>|SALIDA_A_NPC<20>|    7.588|
ENTRADA_SUMADOR<15>|SALIDA_A_NPC<21>|    7.636|
ENTRADA_SUMADOR<15>|SALIDA_A_NPC<22>|    7.510|
ENTRADA_SUMADOR<15>|SALIDA_A_NPC<23>|    7.804|
ENTRADA_SUMADOR<15>|SALIDA_A_NPC<24>|    7.856|
ENTRADA_SUMADOR<15>|SALIDA_A_NPC<25>|    7.805|
ENTRADA_SUMADOR<15>|SALIDA_A_NPC<26>|    7.565|
ENTRADA_SUMADOR<15>|SALIDA_A_NPC<27>|    8.046|
ENTRADA_SUMADOR<15>|SALIDA_A_NPC<28>|    7.903|
ENTRADA_SUMADOR<15>|SALIDA_A_NPC<29>|    7.924|
ENTRADA_SUMADOR<15>|SALIDA_A_NPC<30>|    7.786|
ENTRADA_SUMADOR<15>|SALIDA_A_NPC<31>|    8.044|
ENTRADA_SUMADOR<16>|SALIDA_A_NPC<16>|    6.905|
ENTRADA_SUMADOR<16>|SALIDA_A_NPC<17>|    7.059|
ENTRADA_SUMADOR<16>|SALIDA_A_NPC<18>|    7.115|
ENTRADA_SUMADOR<16>|SALIDA_A_NPC<19>|    7.540|
ENTRADA_SUMADOR<16>|SALIDA_A_NPC<20>|    7.415|
ENTRADA_SUMADOR<16>|SALIDA_A_NPC<21>|    7.463|
ENTRADA_SUMADOR<16>|SALIDA_A_NPC<22>|    7.337|
ENTRADA_SUMADOR<16>|SALIDA_A_NPC<23>|    7.631|
ENTRADA_SUMADOR<16>|SALIDA_A_NPC<24>|    7.683|
ENTRADA_SUMADOR<16>|SALIDA_A_NPC<25>|    7.632|
ENTRADA_SUMADOR<16>|SALIDA_A_NPC<26>|    7.392|
ENTRADA_SUMADOR<16>|SALIDA_A_NPC<27>|    7.873|
ENTRADA_SUMADOR<16>|SALIDA_A_NPC<28>|    7.730|
ENTRADA_SUMADOR<16>|SALIDA_A_NPC<29>|    7.751|
ENTRADA_SUMADOR<16>|SALIDA_A_NPC<30>|    7.613|
ENTRADA_SUMADOR<16>|SALIDA_A_NPC<31>|    7.871|
ENTRADA_SUMADOR<17>|SALIDA_A_NPC<17>|    6.999|
ENTRADA_SUMADOR<17>|SALIDA_A_NPC<18>|    7.213|
ENTRADA_SUMADOR<17>|SALIDA_A_NPC<19>|    7.639|
ENTRADA_SUMADOR<17>|SALIDA_A_NPC<20>|    7.510|
ENTRADA_SUMADOR<17>|SALIDA_A_NPC<21>|    7.558|
ENTRADA_SUMADOR<17>|SALIDA_A_NPC<22>|    7.432|
ENTRADA_SUMADOR<17>|SALIDA_A_NPC<23>|    7.726|
ENTRADA_SUMADOR<17>|SALIDA_A_NPC<24>|    7.778|
ENTRADA_SUMADOR<17>|SALIDA_A_NPC<25>|    7.727|
ENTRADA_SUMADOR<17>|SALIDA_A_NPC<26>|    7.487|
ENTRADA_SUMADOR<17>|SALIDA_A_NPC<27>|    7.968|
ENTRADA_SUMADOR<17>|SALIDA_A_NPC<28>|    7.825|
ENTRADA_SUMADOR<17>|SALIDA_A_NPC<29>|    7.846|
ENTRADA_SUMADOR<17>|SALIDA_A_NPC<30>|    7.708|
ENTRADA_SUMADOR<17>|SALIDA_A_NPC<31>|    7.966|
ENTRADA_SUMADOR<18>|SALIDA_A_NPC<18>|    7.139|
ENTRADA_SUMADOR<18>|SALIDA_A_NPC<19>|    7.594|
ENTRADA_SUMADOR<18>|SALIDA_A_NPC<20>|    7.564|
ENTRADA_SUMADOR<18>|SALIDA_A_NPC<21>|    7.612|
ENTRADA_SUMADOR<18>|SALIDA_A_NPC<22>|    7.486|
ENTRADA_SUMADOR<18>|SALIDA_A_NPC<23>|    7.780|
ENTRADA_SUMADOR<18>|SALIDA_A_NPC<24>|    7.832|
ENTRADA_SUMADOR<18>|SALIDA_A_NPC<25>|    7.781|
ENTRADA_SUMADOR<18>|SALIDA_A_NPC<26>|    7.541|
ENTRADA_SUMADOR<18>|SALIDA_A_NPC<27>|    8.022|
ENTRADA_SUMADOR<18>|SALIDA_A_NPC<28>|    7.879|
ENTRADA_SUMADOR<18>|SALIDA_A_NPC<29>|    7.900|
ENTRADA_SUMADOR<18>|SALIDA_A_NPC<30>|    7.762|
ENTRADA_SUMADOR<18>|SALIDA_A_NPC<31>|    8.020|
ENTRADA_SUMADOR<19>|SALIDA_A_NPC<19>|    8.642|
ENTRADA_SUMADOR<19>|SALIDA_A_NPC<20>|    8.685|
ENTRADA_SUMADOR<19>|SALIDA_A_NPC<21>|    8.733|
ENTRADA_SUMADOR<19>|SALIDA_A_NPC<22>|    8.607|
ENTRADA_SUMADOR<19>|SALIDA_A_NPC<23>|    8.901|
ENTRADA_SUMADOR<19>|SALIDA_A_NPC<24>|    8.953|
ENTRADA_SUMADOR<19>|SALIDA_A_NPC<25>|    8.902|
ENTRADA_SUMADOR<19>|SALIDA_A_NPC<26>|    8.662|
ENTRADA_SUMADOR<19>|SALIDA_A_NPC<27>|    9.143|
ENTRADA_SUMADOR<19>|SALIDA_A_NPC<28>|    9.000|
ENTRADA_SUMADOR<19>|SALIDA_A_NPC<29>|    9.021|
ENTRADA_SUMADOR<19>|SALIDA_A_NPC<30>|    8.883|
ENTRADA_SUMADOR<19>|SALIDA_A_NPC<31>|    9.141|
ENTRADA_SUMADOR<20>|SALIDA_A_NPC<20>|    6.986|
ENTRADA_SUMADOR<20>|SALIDA_A_NPC<21>|    7.081|
ENTRADA_SUMADOR<20>|SALIDA_A_NPC<22>|    7.101|
ENTRADA_SUMADOR<20>|SALIDA_A_NPC<23>|    7.386|
ENTRADA_SUMADOR<20>|SALIDA_A_NPC<24>|    7.508|
ENTRADA_SUMADOR<20>|SALIDA_A_NPC<25>|    7.457|
ENTRADA_SUMADOR<20>|SALIDA_A_NPC<26>|    7.217|
ENTRADA_SUMADOR<20>|SALIDA_A_NPC<27>|    7.698|
ENTRADA_SUMADOR<20>|SALIDA_A_NPC<28>|    7.555|
ENTRADA_SUMADOR<20>|SALIDA_A_NPC<29>|    7.576|
ENTRADA_SUMADOR<20>|SALIDA_A_NPC<30>|    7.438|
ENTRADA_SUMADOR<20>|SALIDA_A_NPC<31>|    7.696|
ENTRADA_SUMADOR<21>|SALIDA_A_NPC<21>|    7.296|
ENTRADA_SUMADOR<21>|SALIDA_A_NPC<22>|    7.474|
ENTRADA_SUMADOR<21>|SALIDA_A_NPC<23>|    7.760|
ENTRADA_SUMADOR<21>|SALIDA_A_NPC<24>|    7.878|
ENTRADA_SUMADOR<21>|SALIDA_A_NPC<25>|    7.827|
ENTRADA_SUMADOR<21>|SALIDA_A_NPC<26>|    7.587|
ENTRADA_SUMADOR<21>|SALIDA_A_NPC<27>|    8.068|
ENTRADA_SUMADOR<21>|SALIDA_A_NPC<28>|    7.925|
ENTRADA_SUMADOR<21>|SALIDA_A_NPC<29>|    7.946|
ENTRADA_SUMADOR<21>|SALIDA_A_NPC<30>|    7.808|
ENTRADA_SUMADOR<21>|SALIDA_A_NPC<31>|    8.066|
ENTRADA_SUMADOR<22>|SALIDA_A_NPC<22>|    6.914|
ENTRADA_SUMADOR<22>|SALIDA_A_NPC<23>|    7.229|
ENTRADA_SUMADOR<22>|SALIDA_A_NPC<24>|    7.446|
ENTRADA_SUMADOR<22>|SALIDA_A_NPC<25>|    7.395|
ENTRADA_SUMADOR<22>|SALIDA_A_NPC<26>|    7.155|
ENTRADA_SUMADOR<22>|SALIDA_A_NPC<27>|    7.636|
ENTRADA_SUMADOR<22>|SALIDA_A_NPC<28>|    7.493|
ENTRADA_SUMADOR<22>|SALIDA_A_NPC<29>|    7.514|
ENTRADA_SUMADOR<22>|SALIDA_A_NPC<30>|    7.376|
ENTRADA_SUMADOR<22>|SALIDA_A_NPC<31>|    7.634|
ENTRADA_SUMADOR<23>|SALIDA_A_NPC<23>|    7.234|
ENTRADA_SUMADOR<23>|SALIDA_A_NPC<24>|    7.524|
ENTRADA_SUMADOR<23>|SALIDA_A_NPC<25>|    7.473|
ENTRADA_SUMADOR<23>|SALIDA_A_NPC<26>|    7.233|
ENTRADA_SUMADOR<23>|SALIDA_A_NPC<27>|    7.714|
ENTRADA_SUMADOR<23>|SALIDA_A_NPC<28>|    7.571|
ENTRADA_SUMADOR<23>|SALIDA_A_NPC<29>|    7.592|
ENTRADA_SUMADOR<23>|SALIDA_A_NPC<30>|    7.454|
ENTRADA_SUMADOR<23>|SALIDA_A_NPC<31>|    7.712|
ENTRADA_SUMADOR<24>|SALIDA_A_NPC<24>|    7.498|
ENTRADA_SUMADOR<24>|SALIDA_A_NPC<25>|    7.494|
ENTRADA_SUMADOR<24>|SALIDA_A_NPC<26>|    7.400|
ENTRADA_SUMADOR<24>|SALIDA_A_NPC<27>|    7.872|
ENTRADA_SUMADOR<24>|SALIDA_A_NPC<28>|    7.799|
ENTRADA_SUMADOR<24>|SALIDA_A_NPC<29>|    7.820|
ENTRADA_SUMADOR<24>|SALIDA_A_NPC<30>|    7.682|
ENTRADA_SUMADOR<24>|SALIDA_A_NPC<31>|    7.940|
ENTRADA_SUMADOR<25>|SALIDA_A_NPC<25>|    7.078|
ENTRADA_SUMADOR<25>|SALIDA_A_NPC<26>|    7.142|
ENTRADA_SUMADOR<25>|SALIDA_A_NPC<27>|    7.615|
ENTRADA_SUMADOR<25>|SALIDA_A_NPC<28>|    7.538|
ENTRADA_SUMADOR<25>|SALIDA_A_NPC<29>|    7.559|
ENTRADA_SUMADOR<25>|SALIDA_A_NPC<30>|    7.421|
ENTRADA_SUMADOR<25>|SALIDA_A_NPC<31>|    7.679|
ENTRADA_SUMADOR<26>|SALIDA_A_NPC<26>|    7.104|
ENTRADA_SUMADOR<26>|SALIDA_A_NPC<27>|    7.606|
ENTRADA_SUMADOR<26>|SALIDA_A_NPC<28>|    7.628|
ENTRADA_SUMADOR<26>|SALIDA_A_NPC<29>|    7.649|
ENTRADA_SUMADOR<26>|SALIDA_A_NPC<30>|    7.511|
ENTRADA_SUMADOR<26>|SALIDA_A_NPC<31>|    7.769|
ENTRADA_SUMADOR<27>|SALIDA_A_NPC<27>|    7.319|
ENTRADA_SUMADOR<27>|SALIDA_A_NPC<28>|    7.414|
ENTRADA_SUMADOR<27>|SALIDA_A_NPC<29>|    7.435|
ENTRADA_SUMADOR<27>|SALIDA_A_NPC<30>|    7.297|
ENTRADA_SUMADOR<27>|SALIDA_A_NPC<31>|    7.555|
ENTRADA_SUMADOR<28>|SALIDA_A_NPC<28>|    7.403|
ENTRADA_SUMADOR<28>|SALIDA_A_NPC<29>|    7.471|
ENTRADA_SUMADOR<28>|SALIDA_A_NPC<30>|    7.479|
ENTRADA_SUMADOR<28>|SALIDA_A_NPC<31>|    7.728|
ENTRADA_SUMADOR<29>|SALIDA_A_NPC<29>|    7.539|
ENTRADA_SUMADOR<29>|SALIDA_A_NPC<30>|    7.705|
ENTRADA_SUMADOR<29>|SALIDA_A_NPC<31>|    7.955|
ENTRADA_SUMADOR<30>|SALIDA_A_NPC<30>|    7.472|
ENTRADA_SUMADOR<30>|SALIDA_A_NPC<31>|    7.751|
ENTRADA_SUMADOR<31>|SALIDA_A_NPC<31>|    7.687|
-------------------+----------------+---------+


Analysis completed Mon Oct 17 14:26:09 2016 
--------------------------------------------------------------------------------

Trace Settings:
-------------------------
Trace Settings 

Peak Memory Usage: 696 MB



